<?xml version="1.0" encoding="UTF-8"?><mappingRoot xmlns="http://www.ibm.com/2008/ccl/Mapping" domainID="com.ibm.msl.mapping.xml" domainIDExtension="mb" mainMap="true" targetNamespace="default" version="8.0.5.0" xmlns:map="default">
    <input path="mbsharedlib://mbf_hlrgw_model/hlrgw.xsd" var="var3"/>
    <input path="mbsharedlib://mbf_ccgw_model/EntityAction.xsd" var="var4"/>
    <output path="mbsharedlib://mbf_hlrgw_model/hlrgw.xsd"/>
    <generation engine="xquery"/>
    <mappingDeclaration name="mapping__node_mapping_XML2XML">
        <input namespace="http://webservices.gateway.fss.com" path="$var4/mb:msg(executeCommand,assembly,XMLNSC,Properties)" var="MessageAssembly"/>
        <output namespace="http://10.50.9.2:19003/hlrgw" path="mb:msg(execute,assembly,XMLNSC,Properties)" var="MessageAssembly6"/>
        <move>
            <input path="$MessageAssembly/Properties"/>
            <output path="$MessageAssembly6/Properties"/>
            <override>
                <assign value="{mbf_hlrgw_model}">
                    <output path="$MessageAssembly6/Properties/MessageSet"/>
                </assign>
            </override>
        </move>
        <move>
            <input path="$MessageAssembly/executeCommand/command"/>
            <output path="$MessageAssembly6/execute/command"/>
        </move>
        <move>
            <input path="$MessageAssembly/executeCommand/user"/>
            <output path="$MessageAssembly6/execute/username"/>
        </move>
        <move>
            <input path="$MessageAssembly/executeCommand/pass"/>
            <output path="$MessageAssembly6/execute/password"/>
        </move>
    </mappingDeclaration>
</mappingRoot>