<?xml version="1.0" encoding="UTF-8"?><mappingRoot xmlns="http://www.ibm.com/2008/ccl/Mapping" domainID="com.ibm.msl.mapping.xml" domainIDExtension="mb" mainMap="true" targetNamespace="default" version="8.0.5.0" xmlns:map="default">
    <inlinedXMLSchema><![CDATA[<?xml version="1.0" encoding="UTF-8"?><xsd:schema xmlns:xsd="http://www.w3.org/2001/XMLSchema"> 
    <xsd:element name="command" nillable="true" type="xsd:string"/> 
    <xsd:element name="password" nillable="true" type="xsd:string"/> 
    <xsd:element name="username" nillable="true" type="xsd:string"/> 
</xsd:schema>]]></inlinedXMLSchema>
    <input inlinedXMLSchema="true" path="../schema_0.xsd" var="var1"/>
    <input path="mbsharedlib://mbf_ccgw_model/EntityAction.xsd" var="var4"/>
    <output path="jar:file://!com/ibm/etools/mft/map/xsds/predefined/JsonDomainMsg.xsd" var="var"/>
    <generation engine="xquery"/>
    <mappingDeclaration name="mapping__node_mapping_XML2JSON">
        <input namespace="http://webservices.gateway.fss.com" path="$var4/mb:msg(executeCommand,assembly,XMLNSC,Properties)" var="MessageAssembly"/>
        <output namespace="http://www.ibm.com/iib/msl/json" path="$var/mb:msg(JSON,assembly,JSON,Properties)" var="MessageAssembly1">
            <cast castType="userDefined" path="$MessageAssembly1/JSON/Data/type('anyType')" qualifier="{http://www.ibm.com/iib/msl/json}JSONObject" ref="var"/>
            <cast castType="userDefined" path="$MessageAssembly1/JSON/spath('Data',2)/any" qualifier="username" ref="var1"/>
            <cast castType="userDefined" path="$MessageAssembly1/JSON/spath('Data',2)/any" qualifier="password" ref="var1"/>
            <cast castType="userDefined" path="$MessageAssembly1/JSON/spath('Data',2)/any" qualifier="command" ref="var1"/>
        </output>
        <move>
            <input path="$MessageAssembly/Properties"/>
            <output path="$MessageAssembly1/Properties"/>
        </move>
        <move>
            <input path="$MessageAssembly/executeCommand/command"/>
            <output path="$MessageAssembly1/JSON/spath('Data',2)/command"/>
        </move>
        <move>
            <input path="$MessageAssembly/executeCommand/user"/>
            <output path="$MessageAssembly1/JSON/spath('Data',2)/username"/>
        </move>
        <move>
            <input path="$MessageAssembly/executeCommand/pass"/>
            <output path="$MessageAssembly1/JSON/spath('Data',2)/password"/>
        </move>
    </mappingDeclaration>
</mappingRoot>